// Jest Snapshot v1, https://goo.gl/fbAQLP

exports[`<PokemonList /> Should render and match the snapshot 1`] = `
<div
  class="styles__PokemonListDiv-sc-1b5lzlw-0 cJsYwM"
  id="content"
>
  <div>
    <div
      class="ant-row"
      style="margin-left: -12px; margin-right: -12px;"
    />
  </div>
</div>
`;
